<button class="govuk-button test-css-class" data-module="govuk-button" value="test-value" type="submit" name="test-name" aria-disabled="false" data-prevent-double-click="true" attr-name="attr-value">

test html        </button>