

        <input class="govuk-button test-css-classgovuk-button--disabled"
               data-module="govuk-button"
               value="test text"
               type="submit"
               name="test-name"
               disabled
               aria-disabled="true"
               data-prevent-double-click="true"
               attr-name="attr-value"/>
