
<div class="govuk-form-group form-group-classes ">





            <label class="govuk-label"
                   
                   for="">

test-label            </label>
         
<span class="govuk-hint"
      id="test-id-hint"
      >

test-hint</span>    <input class="govuk-file-upload  cssClass "
           id=test-id
           name=test-name
           type="file"
           value=Microsoft.AspNetCore.Http.FormFile
           aria-describedby="test-described-by test-id-hint"
           attr-name="attr-value">
</div>