
<div class="govuk-form-group form-group-classes ">





            <label class="govuk-label"
                   
                   for="">

test-label            </label>
             <select class="govuk-select test-css-class "
            id="test-id"
            name="test-name"
            aria-describedby="
            attr-name="attr-value"">
            <option value="test-item-value"
                    selected
                    
                    item-attr-name="item-attr-value">
                Test Item Text
            </option>
    </select>
</div>